Session Branch Tests
====================

  SessionManager.branch()

  listBranches()

  Branch isolation

  Edge cases
node.exe :     鉁?creates branch with correct messages
所在位置 行:1 字符: 1
+ & "C:\Program Files\nodejs/node.exe" "C:\Program Files\nodejs/node_mo ...
+ ~~~~~~~~~~~~~~~~~~~~~~~~~~~~~~~~~~~~~~~~~~~~~~~~~~~~~~~~~~~~~~~~~~~~~
    + CategoryInfo          : NotSpecified: (    鉁?creates b...orrect messages:String) [], RemoteException
    + FullyQualifiedErrorId : NativeCommandError
 
      branchPoint is 3: Expected 3, got 0
    鉁?branch at index 0 creates empty branch
    鉁?branch at out-of-range index clips to max
      clipped to 2: Expected 2, got 0
    鉁?branch uses custom title
    鉁?lists branches of a session
    鉁?returns empty for session with no branches
    鉁?adding to branch does not affect parent
      parent still has 2 messages: Expected 2, got 1
    鉁?branch without active session throws

Results: 5 passed, 3 failed

